../Core/Src/stm32mp1xx_it.c:74:6:NMI_Handler	4	static
../Core/Src/stm32mp1xx_it.c:89:6:HardFault_Handler	4	static
../Core/Src/stm32mp1xx_it.c:104:6:MemManage_Handler	4	static
../Core/Src/stm32mp1xx_it.c:119:6:BusFault_Handler	4	static
../Core/Src/stm32mp1xx_it.c:134:6:UsageFault_Handler	4	static
../Core/Src/stm32mp1xx_it.c:149:6:DebugMon_Handler	4	static
../Core/Src/stm32mp1xx_it.c:169:6:RCC_IRQHandler	4	static
../Core/Src/stm32mp1xx_it.c:182:6:TIM3_IRQHandler	8	static
../Core/Src/stm32mp1xx_it.c:203:6:EXTI8_IRQHandler	8	static
../Core/Src/stm32mp1xx_it.c:217:6:IPCC_RX1_IRQHandler	8	static
../Core/Src/stm32mp1xx_it.c:231:6:IPCC_TX1_IRQHandler	8	static
../Core/Src/stm32mp1xx_it.c:245:6:RCC_WAKEUP_IRQHandler	8	static
../Core/Src/stm32mp1xx_it.c:257:6:SysTick_Handler	8	static
